---
source: full-moon/tests/fail_cases.rs
expression: result.errors()
input_file: full-moon/tests/cfxlua_cases/fail/parser/division_assignment_operator
---
- AstError:
    token:
      start_position:
        bytes: 18
        line: 2
        character: 4
      end_position:
        bytes: 20
        line: 2
        character: 6
      token_type:
        type: Symbol
        symbol: /=
    additional: expected expression to set to
