---
source: full-moon/tests/fail_cases.rs
expression: result.errors()
input_file: full-moon/tests/cfxlua_cases/fail/parser/addition_assignment_operator
---
- AstError:
    token:
      start_position:
        bytes: 25
        line: 3
        character: 7
      end_position:
        bytes: 27
        line: 3
        character: 9
      token_type:
        type: Symbol
        symbol: +=
    additional: expected expression to set to
