---
source: full-moon/tests/fail_cases.rs
expression: tokens
input_file: full-moon/tests/cfxlua_cases/fail/parser/addition_assignment_operator
---
- start_position:
    bytes: 0
    line: 1
    character: 1
  end_position:
    bytes: 5
    line: 1
    character: 6
  token_type:
    type: Symbol
    symbol: local
- start_position:
    bytes: 5
    line: 1
    character: 6
  end_position:
    bytes: 6
    line: 1
    character: 7
  token_type:
    type: Whitespace
    characters: " "
- start_position:
    bytes: 6
    line: 1
    character: 7
  end_position:
    bytes: 11
    line: 1
    character: 12
  token_type:
    type: Identifier
    identifier: index
- start_position:
    bytes: 11
    line: 1
    character: 12
  end_position:
    bytes: 12
    line: 1
    character: 13
  token_type:
    type: Whitespace
    characters: " "
- start_position:
    bytes: 12
    line: 1
    character: 13
  end_position:
    bytes: 13
    line: 1
    character: 14
  token_type:
    type: Symbol
    symbol: "="
- start_position:
    bytes: 13
    line: 1
    character: 14
  end_position:
    bytes: 14
    line: 1
    character: 15
  token_type:
    type: Whitespace
    characters: " "
- start_position:
    bytes: 14
    line: 1
    character: 15
  end_position:
    bytes: 15
    line: 1
    character: 16
  token_type:
    type: Number
    text: "1"
- start_position:
    bytes: 15
    line: 1
    character: 16
  end_position:
    bytes: 16
    line: 1
    character: 16
  token_type:
    type: Whitespace
    characters: "\n"
- start_position:
    bytes: 16
    line: 2
    character: 1
  end_position:
    bytes: 17
    line: 2
    character: 1
  token_type:
    type: Whitespace
    characters: "\n"
- start_position:
    bytes: 17
    line: 3
    character: 1
  end_position:
    bytes: 22
    line: 3
    character: 6
  token_type:
    type: Identifier
    identifier: index
- start_position:
    bytes: 22
    line: 3
    character: 6
  end_position:
    bytes: 23
    line: 3
    character: 7
  token_type:
    type: Whitespace
    characters: " "
- start_position:
    bytes: 23
    line: 3
    character: 7
  end_position:
    bytes: 25
    line: 3
    character: 9
  token_type:
    type: Symbol
    symbol: +=
- start_position:
    bytes: 25
    line: 3
    character: 9
  end_position:
    bytes: 25
    line: 3
    character: 9
  token_type:
    type: Eof
