---
source: full-moon/tests/pass_cases.rs
expression: ast.nodes()
input_file: full-moon/tests/cfxlua_cases/pass/right_shift_assignment_operator
---
stmts:
  - - LocalAssignment:
        local_token:
          leading_trivia: []
          token:
            start_position:
              bytes: 0
              line: 1
              character: 1
            end_position:
              bytes: 5
              line: 1
              character: 6
            token_type:
              type: Symbol
              symbol: local
          trailing_trivia:
            - start_position:
                bytes: 5
                line: 1
                character: 6
              end_position:
                bytes: 6
                line: 1
                character: 7
              token_type:
                type: Whitespace
                characters: " "
        name_list:
          pairs:
            - End:
                leading_trivia: []
                token:
                  start_position:
                    bytes: 6
                    line: 1
                    character: 7
                  end_position:
                    bytes: 9
                    line: 1
                    character: 10
                  token_type:
                    type: Identifier
                    identifier: num
                trailing_trivia:
                  - start_position:
                      bytes: 9
                      line: 1
                      character: 10
                    end_position:
                      bytes: 10
                      line: 1
                      character: 11
                    token_type:
                      type: Whitespace
                      characters: " "
        equal_token:
          leading_trivia: []
          token:
            start_position:
              bytes: 10
              line: 1
              character: 11
            end_position:
              bytes: 11
              line: 1
              character: 12
            token_type:
              type: Symbol
              symbol: "="
          trailing_trivia:
            - start_position:
                bytes: 11
                line: 1
                character: 12
              end_position:
                bytes: 12
                line: 1
                character: 13
              token_type:
                type: Whitespace
                characters: " "
        expr_list:
          pairs:
            - End:
                Number:
                  leading_trivia: []
                  token:
                    start_position:
                      bytes: 12
                      line: 1
                      character: 13
                    end_position:
                      bytes: 13
                      line: 1
                      character: 14
                    token_type:
                      type: Number
                      text: "4"
                  trailing_trivia:
                    - start_position:
                        bytes: 13
                        line: 1
                        character: 14
                      end_position:
                        bytes: 15
                        line: 1
                        character: 15
                      token_type:
                        type: Whitespace
                        characters: "\r\n"
    - ~
  - - CompoundAssignment:
        lhs:
          Name:
            leading_trivia: []
            token:
              start_position:
                bytes: 15
                line: 2
                character: 1
              end_position:
                bytes: 18
                line: 2
                character: 4
              token_type:
                type: Identifier
                identifier: num
            trailing_trivia:
              - start_position:
                  bytes: 18
                  line: 2
                  character: 4
                end_position:
                  bytes: 19
                  line: 2
                  character: 5
                token_type:
                  type: Whitespace
                  characters: " "
        compound_operator:
          RightShift:
            leading_trivia: []
            token:
              start_position:
                bytes: 19
                line: 2
                character: 5
              end_position:
                bytes: 22
                line: 2
                character: 8
              token_type:
                type: Symbol
                symbol: ">>="
            trailing_trivia:
              - start_position:
                  bytes: 22
                  line: 2
                  character: 8
                end_position:
                  bytes: 23
                  line: 2
                  character: 9
                token_type:
                  type: Whitespace
                  characters: " "
        rhs:
          Number:
            leading_trivia: []
            token:
              start_position:
                bytes: 23
                line: 2
                character: 9
              end_position:
                bytes: 24
                line: 2
                character: 10
              token_type:
                type: Number
                text: "2"
            trailing_trivia: []
    - ~
