---
source: full-moon/tests/fail_cases.rs
expression: result.errors()
input_file: full-moon/tests/cfxlua_cases/fail/parser/bitwise_or_assignment_operator
---
- AstError:
    token:
      start_position:
        bytes: 14
        line: 2
        character: 1
      end_position:
        bytes: 15
        line: 2
        character: 2
      token_type:
        type: Number
        text: "1"
    additional: "unexpected token, this needs to be a statement"
- AstError:
    token:
      start_position:
        bytes: 23
        line: 3
        character: 1
      end_position:
        bytes: 23
        line: 3
        character: 1
      token_type:
        type: Eof
    additional: unexpected expression when looking for a statement
