---
source: full-moon/tests/pass_cases.rs
expression: tokens
input_file: full-moon/tests/cfxlua_cases/pass/compile_time_jenkins_hashes
---
- start_position:
    bytes: 0
    line: 1
    character: 1
  end_position:
    bytes: 5
    line: 1
    character: 6
  token_type:
    type: Identifier
    identifier: print
- start_position:
    bytes: 5
    line: 1
    character: 6
  end_position:
    bytes: 6
    line: 1
    character: 7
  token_type:
    type: Symbol
    symbol: (
- start_position:
    bytes: 6
    line: 1
    character: 7
  end_position:
    bytes: 21
    line: 1
    character: 22
  token_type:
    type: StringLiteral
    literal: "Hello, World!"
    quote_type: Backtick
- start_position:
    bytes: 21
    line: 1
    character: 22
  end_position:
    bytes: 22
    line: 1
    character: 23
  token_type:
    type: Symbol
    symbol: )
- start_position:
    bytes: 22
    line: 1
    character: 23
  end_position:
    bytes: 24
    line: 1
    character: 24
  token_type:
    type: Whitespace
    characters: "\r\n"
- start_position:
    bytes: 24
    line: 2
    character: 1
  end_position:
    bytes: 24
    line: 2
    character: 1
  token_type:
    type: Eof
