---
source: full-moon/tests/pass_cases.rs
expression: tokens
input_file: full-moon/tests/cfxlua_cases/pass/left_shift_assignment_operator
---
- start_position:
    bytes: 0
    line: 1
    character: 1
  end_position:
    bytes: 5
    line: 1
    character: 6
  token_type:
    type: Symbol
    symbol: local
- start_position:
    bytes: 5
    line: 1
    character: 6
  end_position:
    bytes: 6
    line: 1
    character: 7
  token_type:
    type: Whitespace
    characters: " "
- start_position:
    bytes: 6
    line: 1
    character: 7
  end_position:
    bytes: 9
    line: 1
    character: 10
  token_type:
    type: Identifier
    identifier: num
- start_position:
    bytes: 9
    line: 1
    character: 10
  end_position:
    bytes: 10
    line: 1
    character: 11
  token_type:
    type: Whitespace
    characters: " "
- start_position:
    bytes: 10
    line: 1
    character: 11
  end_position:
    bytes: 11
    line: 1
    character: 12
  token_type:
    type: Symbol
    symbol: "="
- start_position:
    bytes: 11
    line: 1
    character: 12
  end_position:
    bytes: 12
    line: 1
    character: 13
  token_type:
    type: Whitespace
    characters: " "
- start_position:
    bytes: 12
    line: 1
    character: 13
  end_position:
    bytes: 13
    line: 1
    character: 14
  token_type:
    type: Number
    text: "1"
- start_position:
    bytes: 13
    line: 1
    character: 14
  end_position:
    bytes: 15
    line: 1
    character: 15
  token_type:
    type: Whitespace
    characters: "\r\n"
- start_position:
    bytes: 15
    line: 2
    character: 1
  end_position:
    bytes: 18
    line: 2
    character: 4
  token_type:
    type: Identifier
    identifier: num
- start_position:
    bytes: 18
    line: 2
    character: 4
  end_position:
    bytes: 19
    line: 2
    character: 5
  token_type:
    type: Whitespace
    characters: " "
- start_position:
    bytes: 19
    line: 2
    character: 5
  end_position:
    bytes: 22
    line: 2
    character: 8
  token_type:
    type: Symbol
    symbol: "<<="
- start_position:
    bytes: 22
    line: 2
    character: 8
  end_position:
    bytes: 23
    line: 2
    character: 9
  token_type:
    type: Whitespace
    characters: " "
- start_position:
    bytes: 23
    line: 2
    character: 9
  end_position:
    bytes: 24
    line: 2
    character: 10
  token_type:
    type: Number
    text: "2"
- start_position:
    bytes: 24
    line: 2
    character: 10
  end_position:
    bytes: 26
    line: 2
    character: 11
  token_type:
    type: Whitespace
    characters: "\r\n"
- start_position:
    bytes: 26
    line: 3
    character: 1
  end_position:
    bytes: 26
    line: 3
    character: 1
  token_type:
    type: Eof
