---
source: full-moon/tests/fail_cases.rs
expression: ast.to_string()
input_file: full-moon/tests/cfxlua_cases/fail/parser/bitwise_and_assignment_operator
---
"local num = 6\n"
