---
source: full-moon/tests/fail_cases.rs
expression: result.errors()
input_file: full-moon/tests/cfxlua_cases/fail/parser/multiplication_assignment_operator
---
- AstError:
    token:
      start_position:
        bytes: 21
        line: 2
        character: 6
      end_position:
        bytes: 23
        line: 2
        character: 8
      token_type:
        type: Symbol
        symbol: "*="
    additional: expected expression to set to
