---
source: full-moon/tests/fail_cases.rs
expression: tokens
input_file: full-moon/tests/cfxlua_cases/fail/tokenizer/c_style_comments
---
Recovered:
  - - start_position:
        bytes: 0
        line: 1
        character: 1
      end_position:
        bytes: 5
        line: 1
        character: 6
      token_type:
        type: Identifier
        identifier: print
    - start_position:
        bytes: 5
        line: 1
        character: 6
      end_position:
        bytes: 6
        line: 1
        character: 7
      token_type:
        type: Symbol
        symbol: (
    - start_position:
        bytes: 6
        line: 1
        character: 7
      end_position:
        bytes: 21
        line: 1
        character: 22
      token_type:
        type: StringLiteral
        literal: "Hello, World!"
        quote_type: Double
    - start_position:
        bytes: 21
        line: 1
        character: 22
      end_position:
        bytes: 22
        line: 1
        character: 23
      token_type:
        type: Symbol
        symbol: )
    - start_position:
        bytes: 22
        line: 1
        character: 23
      end_position:
        bytes: 23
        line: 1
        character: 24
      token_type:
        type: Whitespace
        characters: " "
    - start_position:
        bytes: 23
        line: 1
        character: 24
      end_position:
        bytes: 48
        line: 3
        character: 1
      token_type:
        type: CStyleComment
        comment: " Comment\r\nlocal a = 2\r\n"
    - start_position:
        bytes: 48
        line: 3
        character: 1
      end_position:
        bytes: 48
        line: 3
        character: 1
      token_type:
        type: Eof
  - - error: UnclosedComment
      range:
        - bytes: 23
          line: 1
          character: 24
        - bytes: 48
          line: 3
          character: 1
