---
source: full-moon/tests/fail_cases.rs
expression: result.errors()
input_file: full-moon/tests/cfxlua_cases/fail/parser/subtraction_assignment_operator
---
- AstError:
    token:
      start_position:
        bytes: 16
        line: 2
        character: 1
      end_position:
        bytes: 18
        line: 2
        character: 3
      token_type:
        type: Symbol
        symbol: "-="
    additional: "unexpected token, this needs to be a statement"
