---
source: full-moon/tests/fail_cases.rs
expression: result.errors()
input_file: full-moon/tests/cfxlua_cases/fail/parser/bitwise_xor_assignment_operator
---
- AstError:
    token:
      start_position:
        bytes: 15
        line: 2
        character: 1
      end_position:
        bytes: 17
        line: 2
        character: 3
      token_type:
        type: Symbol
        symbol: ^=
    additional: "unexpected token, this needs to be a statement"
