---
source: full-moon/tests/fail_cases.rs
expression: result.errors()
input_file: full-moon/tests/cfxlua_cases/fail/parser/set_constructor
---
- AstError:
    token:
      start_position:
        bytes: 8
        line: 1
        character: 9
      end_position:
        bytes: 9
        line: 1
        character: 10
      token_type:
        type: Symbol
        symbol: "}"
    additional: "expected identifier after `.`"
- AstError:
    token:
      start_position:
        bytes: 8
        line: 1
        character: 9
      end_position:
        bytes: 9
        line: 1
        character: 10
      token_type:
        type: Symbol
        symbol: "}"
    additional: "unexpected token, this needs to be a statement"
