---
source: full-moon/tests/fail_cases.rs
expression: tokens
input_file: full-moon/tests/cfxlua_cases/fail/parser/set_constructor
---
- start_position:
    bytes: 0
    line: 1
    character: 1
  end_position:
    bytes: 1
    line: 1
    character: 2
  token_type:
    type: Identifier
    identifier: t
- start_position:
    bytes: 1
    line: 1
    character: 2
  end_position:
    bytes: 2
    line: 1
    character: 3
  token_type:
    type: Whitespace
    characters: " "
- start_position:
    bytes: 2
    line: 1
    character: 3
  end_position:
    bytes: 3
    line: 1
    character: 4
  token_type:
    type: Symbol
    symbol: "="
- start_position:
    bytes: 3
    line: 1
    character: 4
  end_position:
    bytes: 4
    line: 1
    character: 5
  token_type:
    type: Whitespace
    characters: " "
- start_position:
    bytes: 4
    line: 1
    character: 5
  end_position:
    bytes: 5
    line: 1
    character: 6
  token_type:
    type: Symbol
    symbol: "{"
- start_position:
    bytes: 5
    line: 1
    character: 6
  end_position:
    bytes: 6
    line: 1
    character: 7
  token_type:
    type: Whitespace
    characters: " "
- start_position:
    bytes: 6
    line: 1
    character: 7
  end_position:
    bytes: 7
    line: 1
    character: 8
  token_type:
    type: Symbol
    symbol: "."
- start_position:
    bytes: 7
    line: 1
    character: 8
  end_position:
    bytes: 8
    line: 1
    character: 9
  token_type:
    type: Whitespace
    characters: " "
- start_position:
    bytes: 8
    line: 1
    character: 9
  end_position:
    bytes: 9
    line: 1
    character: 10
  token_type:
    type: Symbol
    symbol: "}"
- start_position:
    bytes: 9
    line: 1
    character: 10
  end_position:
    bytes: 11
    line: 1
    character: 11
  token_type:
    type: Whitespace
    characters: "\r\n"
- start_position:
    bytes: 11
    line: 2
    character: 1
  end_position:
    bytes: 11
    line: 2
    character: 1
  token_type:
    type: Eof
