---
source: full-moon/tests/fail_cases.rs
expression: ast.to_string()
input_file: full-moon/tests/cfxlua_cases/fail/parser/in_unpacking
---
"local t = {\n  a = 1,\n  b = 2,\n  c = 3\n}\n\nlocal a, b, c in"
